
> @figma/my-make-file@0.0.1 build
> vite build

[36mvite v6.3.5 [32mbuilding for production...[36m[39m
transforming...
[32mΓ£ô[39m 20 modules transformed.
node.exe : [31mΓ£ù[39m Build failed in 1.34s
At line:1 char:1
+ & "C:\Program Files\nodejs/node.exe" 
"C:\Program Files\nodejs/node_mo ...
+ ~~~~~~~~~~~~~~~~~~~~~~~~~~~~~~~~~~~~~~~~~~~~~~~~
~~~~~~~~~~~~~~~~~~~~~
    + CategoryInfo          : NotSpecified: 
([31mΓ    £ù[39m Build failed in 1.34s:String) 
[], Remot    eException
    + FullyQualifiedErrorId : NativeCommandError
 
[31merror during build:
[31m[vite:esbuild] Transform failed with 1 error:
C:/Users/Gaixing36/Downloads/Backend-ICT-main/Back
end-ICT-main/ICT_FE/src/app/services/api.ts:139:60
: ERROR: Syntax error "`"[31m
file: [36mC:/Users/Gaixing36/Downloads/Backend-IC
T-main/Backend-ICT-main/ICT_FE/src/app/services/ap
i.ts:139:60[31m
[33m
[33mSyntax error "`"[33m
137|      if (!path) return '';
138|      if (path.startsWith('http') || 
path.startsWith('data:')) return path;
139|      return 
`${API_BASE_URL}${path.startsWith('/') ? path : 
\`/\${path}\`}`;
   |                                              
                ^
140|    },
141|  
[31m
    at failureErrorWithLog (C:\Users\Gaixing36\Dow
nloads\Backend-ICT-main\Backend-ICT-main\ICT_FE\no
de_modules\esbuild\lib\main.js:1467:15)
    at C:\Users\Gaixing36\Downloads\Backend-ICT-ma
in\Backend-ICT-main\ICT_FE\node_modules\esbuild\li
b\main.js:736:50
    at responseCallbacks.<computed> (C:\Users\Gaix
ing36\Downloads\Backend-ICT-main\Backend-ICT-main\
ICT_FE\node_modules\esbuild\lib\main.js:603:9)
    at handleIncomingPacket (C:\Users\Gaixing36\Do
wnloads\Backend-ICT-main\Backend-ICT-main\ICT_FE\n
ode_modules\esbuild\lib\main.js:658:12)
    at Socket.readFromStdout (C:\Users\Gaixing36\D
ownloads\Backend-ICT-main\Backend-ICT-main\ICT_FE\
node_modules\esbuild\lib\main.js:581:7)
    at Socket.emit (node:events:508:28)
    at addChunk 
(node:internal/streams/readable:563:12)
    at readableAddChunkPushByteMode 
(node:internal/streams/readable:514:3)
    at Readable.push 
(node:internal/streams/readable:394:5)
    at Pipe.onStreamRead 
(node:internal/stream_base_commons:189:23)[39m
